\BOOKMARK [0][-]{chapter*.2}{\376\377\000L\000i\000s\000t\000\040\000o\000f\000\040\000F\000i\000g\000u\000r\000e\000s}{}% 1
\BOOKMARK [0][-]{chapter*.3}{\376\377\000L\000i\000s\000t\000\040\000o\000f\000\040\000T\000a\000b\000l\000e\000s}{}% 2
\BOOKMARK [0][-]{chapter.1}{\376\377\000P\000r\000o\000o\000f\000\040\000o\000f\000\040\000C\000o\000n\000c\000e\000p\000t\000\040\000E\000v\000a\000l\000u\000a\000t\000i\000o\000n}{}% 3
\BOOKMARK [1][-]{section.1.1}{\376\377\000E\000v\000a\000l\000u\000a\000t\000i\000o\000n\000\040\000O\000b\000j\000e\000c\000t\000i\000v\000e\000s}{chapter.1}% 4
\BOOKMARK [1][-]{section.1.2}{\376\377\000E\000v\000a\000l\000u\000a\000t\000i\000o\000n\000\040\000S\000c\000e\000n\000a\000r\000i\000o}{chapter.1}% 5
\BOOKMARK [2][-]{subsection.1.2.1}{\376\377\000M\000i\000s\000s\000i\000o\000n\000\040\000P\000l\000a\000n\000n\000i\000n\000g}{section.1.2}% 6
\BOOKMARK [2][-]{subsection.1.2.2}{\376\377\000G\000r\000o\000u\000n\000d\000\040\000S\000e\000g\000m\000e\000n\000t\000\040\000a\000n\000d\000\040\000N\000e\000t\000w\000o\000r\000k\000\040\000S\000t\000a\000t\000u\000s}{section.1.2}% 7
\BOOKMARK [2][-]{subsection.1.2.3}{\376\377\000O\000p\000e\000r\000a\000t\000i\000o\000n\000a\000l\000\040\000E\000v\000e\000n\000t\000s\000\040\000a\000n\000d\000\040\000T\000i\000c\000k\000e\000t\000s}{section.1.2}% 8
\BOOKMARK [2][-]{subsection.1.2.4}{\376\377\000M\000i\000s\000s\000i\000o\000n\000\040\000K\000n\000o\000w\000l\000e\000d\000g\000e\000\040\000B\000a\000s\000e}{section.1.2}% 9
\BOOKMARK [2][-]{subsection.1.2.5}{\376\377\000S\000c\000e\000n\000a\000r\000i\000o\000\040\000D\000e\000s\000i\000g\000n\000\040\000R\000a\000t\000i\000o\000n\000a\000l\000e}{section.1.2}% 10
\BOOKMARK [1][-]{section.1.3}{\376\377\000E\000v\000a\000l\000u\000a\000t\000i\000o\000n\000\040\000T\000a\000s\000k\000s\000\040\000a\000n\000d\000\040\000E\000x\000p\000e\000r\000i\000m\000e\000n\000t\000a\000l\000\040\000S\000e\000t\000u\000p}{chapter.1}% 11
\BOOKMARK [2][-]{subsection.1.3.1}{\376\377\000E\000v\000a\000l\000u\000a\000t\000i\000o\000n\000\040\000T\000a\000s\000k\000s}{section.1.3}% 12
\BOOKMARK [2][-]{subsection.1.3.2}{\376\377\000E\000x\000p\000e\000r\000i\000m\000e\000n\000t\000a\000l\000\040\000S\000e\000t\000u\000p}{section.1.3}% 13
\BOOKMARK [1][-]{section.1.4}{\376\377\000E\000v\000a\000l\000u\000a\000t\000i\000o\000n\000\040\000M\000e\000t\000h\000o\000d\000o\000l\000o\000g\000y}{chapter.1}% 14
\BOOKMARK [1][-]{section.1.5}{\376\377\000R\000e\000s\000u\000l\000t\000s}{chapter.1}% 15
\BOOKMARK [2][-]{subsection.1.5.1}{\376\377\000O\000v\000e\000r\000a\000l\000l\000\040\000R\000e\000s\000u\000l\000t\000s}{section.1.5}% 16
\BOOKMARK [2][-]{subsection.1.5.2}{\376\377\000R\000e\000s\000u\000l\000t\000s\000\040\000b\000y\000\040\000T\000a\000s\000k\000\040\000C\000o\000m\000p\000l\000e\000x\000i\000t\000y}{section.1.5}% 17
\BOOKMARK [2][-]{subsection.1.5.3}{\376\377\000A\000n\000a\000l\000y\000s\000i\000s\000\040\000o\000f\000\040\000D\000e\000c\000i\000s\000i\000o\000n\000-\000S\000u\000p\000p\000o\000r\000t\000\040\000C\000a\000p\000a\000b\000i\000l\000i\000t\000i\000e\000s}{section.1.5}% 18
\BOOKMARK [2][-]{subsection.1.5.4}{\376\377\000T\000o\000o\000l\000\040\000c\000a\000l\000l\000i\000n\000g\000\040\000R\000e\000s\000u\000l\000t\000s}{section.1.5}% 19
\BOOKMARK [1][-]{section.1.6}{\376\377\000D\000i\000s\000c\000u\000s\000s\000i\000o\000n}{chapter.1}% 20
\BOOKMARK [1][-]{section.1.7}{\376\377\000L\000i\000m\000i\000t\000a\000t\000i\000o\000n\000s}{chapter.1}% 21
\BOOKMARK [0][-]{section.1.7}{\376\377\000B\000i\000b\000l\000i\000o\000g\000r\000a\000p\000h\000y}{}% 22
